// Jest Snapshot v1, https://goo.gl/fbAQLP

exports[`WelcomeCardCTA should render the WelcomeCardCTA component 1`] = `
Object {
  "asFragment": [Function],
  "baseElement": <body>
    <div>
      <div
        class="container"
      >
        <div
          class="row justify-content-center"
        >
          <div
            class="col-auto"
          >
            <div
              class="card text-center border border-0"
            >
              <div
                class="card-body"
              >
                <h5
                  class="card-title"
                >
                  Welcome!
                </h5>
                <p
                  class="card-text"
                >
                  To get started, add some items to your list:
                </p>
                <div
                  class="container-fluid"
                >
                  <div
                    class="row"
                  >
                    <div
                      class="mx-auto"
                    >
                      <form
                        autocomplete="on"
                        method="POST"
                      >
                        <div
                          class="d-flex"
                        >
                          <textarea
                            aria-label="Todo item description"
                            class="form-control create_todo_item__textarea"
                            id="new-todo-item"
                            name="new-todo-item"
                            placeholder="I want to do..."
                            type="text"
                          />
                          <div
                            class="mx-2"
                          >
                            <button
                              aria-label="Add todo item"
                              class="btn btn-primary"
                              disabled=""
                              title="Add todo item"
                              type="submit"
                            >
                              <svg
                                aria-hidden="true"
                                class="svg-inline--fa fa-plus fa-fw "
                                data-icon="plus"
                                data-prefix="fas"
                                focusable="false"
                                role="img"
                                viewBox="0 0 448 512"
                                xmlns="http://www.w3.org/2000/svg"
                              >
                                <path
                                  d="M256 80c0-17.7-14.3-32-32-32s-32 14.3-32 32V224H48c-17.7 0-32 14.3-32 32s14.3 32 32 32H192V432c0 17.7 14.3 32 32 32s32-14.3 32-32V288H400c17.7 0 32-14.3 32-32s-14.3-32-32-32H256V80z"
                                  fill="currentColor"
                                />
                              </svg>
                            </button>
                          </div>
                        </div>
                      </form>
                    </div>
                  </div>
                </div>
              </div>
            </div>
          </div>
        </div>
      </div>
    </div>
  </body>,
  "container": <div>
    <div
      class="container"
    >
      <div
        class="row justify-content-center"
      >
        <div
          class="col-auto"
        >
          <div
            class="card text-center border border-0"
          >
            <div
              class="card-body"
            >
              <h5
                class="card-title"
              >
                Welcome!
              </h5>
              <p
                class="card-text"
              >
                To get started, add some items to your list:
              </p>
              <div
                class="container-fluid"
              >
                <div
                  class="row"
                >
                  <div
                    class="mx-auto"
                  >
                    <form
                      autocomplete="on"
                      method="POST"
                    >
                      <div
                        class="d-flex"
                      >
                        <textarea
                          aria-label="Todo item description"
                          class="form-control create_todo_item__textarea"
                          id="new-todo-item"
                          name="new-todo-item"
                          placeholder="I want to do..."
                          type="text"
                        />
                        <div
                          class="mx-2"
                        >
                          <button
                            aria-label="Add todo item"
                            class="btn btn-primary"
                            disabled=""
                            title="Add todo item"
                            type="submit"
                          >
                            <svg
                              aria-hidden="true"
                              class="svg-inline--fa fa-plus fa-fw "
                              data-icon="plus"
                              data-prefix="fas"
                              focusable="false"
                              role="img"
                              viewBox="0 0 448 512"
                              xmlns="http://www.w3.org/2000/svg"
                            >
                              <path
                                d="M256 80c0-17.7-14.3-32-32-32s-32 14.3-32 32V224H48c-17.7 0-32 14.3-32 32s14.3 32 32 32H192V432c0 17.7 14.3 32 32 32s32-14.3 32-32V288H400c17.7 0 32-14.3 32-32s-14.3-32-32-32H256V80z"
                                fill="currentColor"
                              />
                            </svg>
                          </button>
                        </div>
                      </div>
                    </form>
                  </div>
                </div>
              </div>
            </div>
          </div>
        </div>
      </div>
    </div>
  </div>,
  "debug": [Function],
  "findAllByAltText": [Function],
  "findAllByDisplayValue": [Function],
  "findAllByLabelText": [Function],
  "findAllByPlaceholderText": [Function],
  "findAllByRole": [Function],
  "findAllByTestId": [Function],
  "findAllByText": [Function],
  "findAllByTitle": [Function],
  "findByAltText": [Function],
  "findByDisplayValue": [Function],
  "findByLabelText": [Function],
  "findByPlaceholderText": [Function],
  "findByRole": [Function],
  "findByTestId": [Function],
  "findByText": [Function],
  "findByTitle": [Function],
  "getAllByAltText": [Function],
  "getAllByDisplayValue": [Function],
  "getAllByLabelText": [Function],
  "getAllByPlaceholderText": [Function],
  "getAllByRole": [Function],
  "getAllByTestId": [Function],
  "getAllByText": [Function],
  "getAllByTitle": [Function],
  "getByAltText": [Function],
  "getByDisplayValue": [Function],
  "getByLabelText": [Function],
  "getByPlaceholderText": [Function],
  "getByRole": [Function],
  "getByTestId": [Function],
  "getByText": [Function],
  "getByTitle": [Function],
  "queryAllByAltText": [Function],
  "queryAllByDisplayValue": [Function],
  "queryAllByLabelText": [Function],
  "queryAllByPlaceholderText": [Function],
  "queryAllByRole": [Function],
  "queryAllByTestId": [Function],
  "queryAllByText": [Function],
  "queryAllByTitle": [Function],
  "queryByAltText": [Function],
  "queryByDisplayValue": [Function],
  "queryByLabelText": [Function],
  "queryByPlaceholderText": [Function],
  "queryByRole": [Function],
  "queryByTestId": [Function],
  "queryByText": [Function],
  "queryByTitle": [Function],
  "rerender": [Function],
  "store": Object {
    "@@observable": [Function],
    "dispatch": [Function],
    "getState": [Function],
    "replaceReducer": [Function],
    "subscribe": [Function],
  },
  "unmount": [Function],
}
`;
