// Jest Snapshot v1, https://goo.gl/fbAQLP

exports[`Header should render the Header component 1`] = `
<div
  class="test-classname"
>
  <div
    class="header__container"
  >
    <nav
      class="navbar"
    >
      <span
        class="header__span navbar-brand"
      >
        <svg
          alt="List emoji"
          aria-hidden="true"
          class="svg-inline--fa fa-list-alt fa-w-16 fa-lg d-inline-block"
          data-icon="list-alt"
          data-prefix="fas"
          focusable="false"
          role="img"
          viewBox="0 0 512 512"
          xmlns="http://www.w3.org/2000/svg"
        >
          <path
            d="M464 480H48c-26.51 0-48-21.49-48-48V80c0-26.51 21.49-48 48-48h416c26.51 0 48 21.49 48 48v352c0 26.51-21.49 48-48 48zM128 120c-22.091 0-40 17.909-40 40s17.909 40 40 40 40-17.909 40-40-17.909-40-40-40zm0 96c-22.091 0-40 17.909-40 40s17.909 40 40 40 40-17.909 40-40-17.909-40-40-40zm0 96c-22.091 0-40 17.909-40 40s17.909 40 40 40 40-17.909 40-40-17.909-40-40-40zm288-136v-32c0-6.627-5.373-12-12-12H204c-6.627 0-12 5.373-12 12v32c0 6.627 5.373 12 12 12h200c6.627 0 12-5.373 12-12zm0 96v-32c0-6.627-5.373-12-12-12H204c-6.627 0-12 5.373-12 12v32c0 6.627 5.373 12 12 12h200c6.627 0 12-5.373 12-12zm0 96v-32c0-6.627-5.373-12-12-12H204c-6.627 0-12 5.373-12 12v32c0 6.627 5.373 12 12 12h200c6.627 0 12-5.373 12-12z"
            fill="currentColor"
          />
        </svg>
      </span>
      <span
        class="header__span"
      >
        Just Another Todo App
      </span>
    </nav>
  </div>
</div>
`;
