// Vitest Snapshot v1, https://vitest.dev/guide/snapshot.html

exports[`Footer > should render the Footer component 1`] = `null`;
